[1/19] 01_2025_TechRxiv_Survey-RL-VLA.pdf
  https://ghproxy.net/https://raw.githubusercontent.com/Denghaoyuan123/Awesome-RL-VLA/main/A_Survey_on_Reinforcement_Learning_of_Vision-Language-Action_Models_for_Robotic_Manipulation.pdf
  -> ok bytes=864269 ctype=application/octet-stream
[2/19] 02_2025_ICRA_iRe-VLA.pdf
  https://arxiv.org/pdf/2501.16664
  -> ok bytes=1321910 ctype=application/pdf
[3/19] 03_2025_RSS_ConRFT.pdf
  https://arxiv.org/pdf/2502.05450
  -> ok bytes=13673567 ctype=application/pdf
[4/19] 04_2025_NeurIPS_RL4VLA.pdf
  https://arxiv.org/pdf/2505.19789
  -> ok bytes=12642573 ctype=application/pdf
[5/19] 05_2025_arXiv_RIPT-VLA.pdf
  https://arxiv.org/pdf/2505.17016
  -> ok bytes=4973942 ctype=application/pdf
[6/19] 06_2025_arXiv_VLA-RL.pdf
  https://arxiv.org/pdf/2505.18719
  -> ok bytes=2007068 ctype=application/pdf
[7/19] 07_2025_arXiv_piRL.pdf
  https://arxiv.org/pdf/2510.25889
  -> ok bytes=4156275 ctype=application/pdf
[8/19] 08_2026_arXiv_SOP.pdf
  https://arxiv.org/pdf/2601.03044
  -> ok bytes=20940271 ctype=application/pdf
[9/19] 09_2025_arXiv_SimpleVLA-RL.pdf
  https://arxiv.org/pdf/2509.09674
  -> ok bytes=1423807 ctype=application/pdf
[10/19] 10_2025_arXiv_RLinf-VLA.pdf
  https://arxiv.org/pdf/2510.06710
  -> ok bytes=6705961 ctype=application/pdf
[11/19] 11_2025_NeurIPS_SafeVLA.pdf
  https://arxiv.org/pdf/2503.03480
  -> ok bytes=16355430 ctype=application/pdf
[12/19] 12_2025_NeurIPS_APO.pdf
  https://arxiv.org/pdf/2506.07127
  -> ok bytes=5756470 ctype=application/pdf
[13/19] 13_2025_arXiv_GR-RL.pdf
  https://arxiv.org/pdf/2512.01801
  -> ok bytes=8305263 ctype=application/pdf
[14/19] 14_2026_arXiv_World-VLA-Loop.pdf
  https://arxiv.org/pdf/2602.06508
  -> ok bytes=3950449 ctype=application/pdf
[15/19] 15_2026_arXiv_WoVR.pdf
  https://arxiv.org/pdf/2602.13977
  -> ok bytes=36670325 ctype=application/pdf
[16/19] 16_2026_arXiv_TwinRL.pdf
  https://arxiv.org/pdf/2602.09023
  -> ok bytes=8216891 ctype=application/pdf
[17/19] 17_2026_arXiv_IG-RFT.pdf
  https://arxiv.org/pdf/2602.20715
  -> ok bytes=41102049 ctype=application/pdf
[18/19] 18_2026_arXiv_BORA.pdf
  https://arxiv.org/pdf/2605.30226
  -> ok bytes=17485613 ctype=application/pdf
[19/19] 19_2026_arXiv_Temporal-GRPO.pdf
  https://arxiv.org/pdf/2608.13026
  -> ok bytes=673550 ctype=application/pdf
