2026-08-17 18:54:18 ===== translate loop start pid=945484 =====
2026-08-17 18:54:18 ===== translate loop start pid=945484 =====
2026-08-17 18:54:18 skip done 01_2025_TechRxiv_Survey-RL-VLA
2026-08-17 18:54:18 skip done 01_2025_TechRxiv_Survey-RL-VLA
2026-08-17 18:54:18 skip done 02_2025_ICRA_iRe-VLA
2026-08-17 18:54:18 skip done 02_2025_ICRA_iRe-VLA
2026-08-17 18:54:18 skip done 03_2025_RSS_ConRFT
2026-08-17 18:54:18 skip done 03_2025_RSS_ConRFT
2026-08-17 18:54:18 skip done 04_2025_NeurIPS_RL4VLA
2026-08-17 18:54:18 skip done 04_2025_NeurIPS_RL4VLA
2026-08-17 18:54:18 skip done 05_2025_arXiv_RIPT-VLA
2026-08-17 18:54:18 skip done 05_2025_arXiv_RIPT-VLA
2026-08-17 18:54:18 skip done 06_2025_arXiv_VLA-RL
2026-08-17 18:54:18 skip done 06_2025_arXiv_VLA-RL
2026-08-17 18:54:18 skip done 07_2025_arXiv_piRL
2026-08-17 18:54:18 skip done 07_2025_arXiv_piRL
2026-08-17 18:54:18 skip done 08_2026_arXiv_SOP
2026-08-17 18:54:18 skip done 08_2026_arXiv_SOP
2026-08-17 18:54:18 skip done 09_2025_arXiv_SimpleVLA-RL
2026-08-17 18:54:18 skip done 09_2025_arXiv_SimpleVLA-RL
2026-08-17 18:54:18 skip done 10_2025_arXiv_RLinf-VLA
2026-08-17 18:54:18 skip done 10_2025_arXiv_RLinf-VLA
2026-08-17 18:54:18 skip done 11_2025_NeurIPS_SafeVLA
2026-08-17 18:54:18 skip done 11_2025_NeurIPS_SafeVLA
2026-08-17 18:54:18 skip done 12_2025_NeurIPS_APO
2026-08-17 18:54:18 skip done 12_2025_NeurIPS_APO
2026-08-17 18:54:18 skip done 13_2025_arXiv_GR-RL
2026-08-17 18:54:18 skip done 13_2025_arXiv_GR-RL
2026-08-17 18:54:18 skip done 14_2026_arXiv_World-VLA-Loop
2026-08-17 18:54:18 skip done 14_2026_arXiv_World-VLA-Loop
2026-08-17 18:54:18 skip done 15_2026_arXiv_WoVR
2026-08-17 18:54:18 skip done 15_2026_arXiv_WoVR
2026-08-17 18:54:18 skip done 16_2026_arXiv_TwinRL
2026-08-17 18:54:18 skip done 16_2026_arXiv_TwinRL
2026-08-17 18:54:18 wait: existing mineru/translate process
2026-08-17 18:54:18 wait: existing mineru/translate process
